// Jest Snapshot v1, https://goo.gl/fbAQLP

exports[`App should match the snapshot 1`] = `
<div id="app">
  <header-stub></header-stub>
  <search-stub searchtermfromclick=""></search-stub>
  <wordlist-stub synonyms="" searchterm=""></wordlist-stub>
</div>
`;
