// Jest Snapshot v1, https://goo.gl/fbAQLP

exports[`Header matches the snapshot 1`] = `
<header>
  <h1>TheSaurus</h1> <img src="../assets/diplodocus.svg">
</header>
`;
