// Jest Snapshot v1, https://goo.gl/fbAQLP

exports[`Search should match the snapshot 1`] = `
<div>
  <form class="Search"><label for="search">Search for synonyms</label> <input placeholder="Search ..." name="search"> <button>Search</button></form>
  <div>
    <!---->
  </div>
</div>
`;
