// Jest Snapshot v1, https://goo.gl/fbAQLP

exports[`WordList should match the snapshot 1`] = `
<section>
  <ul></ul>
</section>
`;
